13:20:36 **** Build of project mem_test_bsp ****
make -k all 
libgen -hw ../hw_platform_0/system.xml\
	       \
	       -pe ps7_cortexa9_0 \
	       -log libgen.log \
	       system.mss
libgen
Xilinx EDK 2013.4 Build EDK_2013.4.20131205
Copyright (c) 1995-2012 Xilinx, Inc.  All rights reserved.

Command Line: libgen -hw ../hw_platform_0/system.xml -pe ps7_cortexa9_0 -log
libgen.log system.mss 


Staging source files.
Running DRCs.
Running generate.
Running post_generate.
Running include - 'make -s include "COMPILER=arm-xilinx-eabi-gcc"
"ARCHIVER=arm-xilinx-eabi-ar" "COMPILER_FLAGS= -O2 -c"
"EXTRA_COMPILER_FLAGS=-g"'.

Running libs - 'make -s libs "COMPILER=arm-xilinx-eabi-gcc"
"ARCHIVER=arm-xilinx-eabi-ar" "COMPILER_FLAGS= -O2 -c"
"EXTRA_COMPILER_FLAGS=-g"'.
"Compiling standalone"
arm-xilinx-eabi-ar: creating ../../../lib/libxil.a
"Compiling devcfg"
"Compiling dmaps"
"Compiling scugic"
"Compiling scutimer"
"Compiling scuwdt"
"Compiling uartps"
"Compiling xadcps"
"Compiling cpu_cortexa9"
Running execs_generate.
'Finished building libraries'
13:20:56 **** Build of configuration Debug for project mem_test ****
make all 
'Building file: ../src/memory_config_g.c'
'Invoking: ARM gcc compiler'
arm-xilinx-eabi-gcc -Wall -O0 -g3 -c -fmessage-length=0 -I../../mem_test_bsp/ps7_cortexa9_0/include -MMD -MP -MF"src/memory_config_g.d" -MT"src/memory_config_g.d" -o "src/memory_config_g.o" "../src/memory_config_g.c"
'Finished building: ../src/memory_config_g.c'
' '
'Building file: ../src/memorytest.c'
'Invoking: ARM gcc compiler'
arm-xilinx-eabi-gcc -Wall -O0 -g3 -c -fmessage-length=0 -I../../mem_test_bsp/ps7_cortexa9_0/include -MMD -MP -MF"src/memorytest.d" -MT"src/memorytest.d" -o "src/memorytest.o" "../src/memorytest.c"
'Finished building: ../src/memorytest.c'
' '
'Building file: ../src/platform.c'
'Invoking: ARM gcc compiler'
arm-xilinx-eabi-gcc -Wall -O0 -g3 -c -fmessage-length=0 -I../../mem_test_bsp/ps7_cortexa9_0/include -MMD -MP -MF"src/platform.d" -MT"src/platform.d" -o "src/platform.o" "../src/platform.c"
'Finished building: ../src/platform.c'
' '
'Building target: mem_test.elf'
'Invoking: ARM gcc linker'
arm-xilinx-eabi-gcc -Wl,-T -Wl,../src/lscript.ld -L../../mem_test_bsp/ps7_cortexa9_0/lib -o "mem_test.elf"  ./src/memory_config_g.o ./src/memorytest.o ./src/platform.o   -Wl,--start-group,-lxil,-lgcc,-lc,--end-group
'Finished building target: mem_test.elf'
' '
'Invoking: ARM Print Size'
arm-xilinx-eabi-size mem_test.elf  |tee "mem_test.elf.size"
   text	   data	    bss	    dec	    hex	filename
  26136	   1136	  14436	  41708	   a2ec	mem_test.elf
'Finished building: mem_test.elf.size'
' '
13:23:06 **** Incremental Build of configuration Debug for project mem_test ****
make all 
make: Nothing to be done for `all'.
07:35:56 **** Auto Build of project mem_test_bsp ****
make -k all 
libgen -hw ../hw_platform_0/system.xml\
	       \
	       -pe ps7_cortexa9_0 \
	       -log libgen.log \
	       system.mss
libgen
Xilinx EDK 2013.4 Build EDK_2013.4.20131205
Copyright (c) 1995-2012 Xilinx, Inc.  All rights reserved.

Command Line: libgen -hw ../hw_platform_0/system.xml -pe ps7_cortexa9_0 -log
libgen.log system.mss 


Staging source files.
Running DRCs.
Running generate.
Running post_generate.
Running include - 'make -s include "COMPILER=arm-xilinx-eabi-gcc"
"ARCHIVER=arm-xilinx-eabi-ar" "COMPILER_FLAGS= -O2 -c"
"EXTRA_COMPILER_FLAGS=-g"'.

Running libs - 'make -s libs "COMPILER=arm-xilinx-eabi-gcc"
"ARCHIVER=arm-xilinx-eabi-ar" "COMPILER_FLAGS= -O2 -c"
"EXTRA_COMPILER_FLAGS=-g"'.
"Compiling common"
arm-xilinx-eabi-ar: creating ../../../lib/libxil.a
"Compiling standalone"
"Compiling gpio"
"Compiling devcfg"
"Compiling dmaps"
"Compiling scugic"
"Compiling scutimer"
"Compiling scuwdt"
"Compiling uartps"
"Compiling xadcps"
"Compiling cpu_cortexa9"
Running execs_generate.
'Finished building libraries'
07:36:21 **** Auto Build of configuration Debug for project mem_test ****
make all 
make: Nothing to be done for `all'.
07:36:25 **** Clean-only build of project mem_test_bsp ****
make -k clean 
rm -rf ps7_cortexa9_0
07:36:26 **** Clean-only build of configuration Debug for project mem_test ****
make clean 
rm -rf  ./src/memory_config_g.o ./src/memorytest.o ./src/platform.o  ./src/memory_config_g.d ./src/memorytest.d ./src/platform.d  mem_test.elf.size  mem_test.elf
' '
07:36:26 **** Build of project mem_test_bsp ****
make -k all 
libgen -hw ../hw_platform_0/system.xml\
	       \
	       -pe ps7_cortexa9_0 \
	       -log libgen.log \
	       system.mss
libgen
Xilinx EDK 2013.4 Build EDK_2013.4.20131205
Copyright (c) 1995-2012 Xilinx, Inc.  All rights reserved.

Command Line: libgen -hw ../hw_platform_0/system.xml -pe ps7_cortexa9_0 -log
libgen.log system.mss 


Staging source files.
Running DRCs.
Running generate.
Running post_generate.
Running include - 'make -s include "COMPILER=arm-xilinx-eabi-gcc"
"ARCHIVER=arm-xilinx-eabi-ar" "COMPILER_FLAGS= -O2 -c"
"EXTRA_COMPILER_FLAGS=-g"'.

Running libs - 'make -s libs "COMPILER=arm-xilinx-eabi-gcc"
"ARCHIVER=arm-xilinx-eabi-ar" "COMPILER_FLAGS= -O2 -c"
"EXTRA_COMPILER_FLAGS=-g"'.
"Compiling common"
arm-xilinx-eabi-ar: creating ../../../lib/libxil.a
"Compiling standalone"
"Compiling gpio"
"Compiling devcfg"
"Compiling dmaps"
"Compiling scugic"
"Compiling scutimer"
"Compiling scuwdt"
"Compiling uartps"
"Compiling xadcps"
"Compiling cpu_cortexa9"
Running execs_generate.
'Finished building libraries'
07:36:47 **** Build of configuration Debug for project mem_test ****
make all 
'Building file: ../src/memory_config_g.c'
'Invoking: ARM gcc compiler'
arm-xilinx-eabi-gcc -Wall -O0 -g3 -c -fmessage-length=0 -I../../mem_test_bsp/ps7_cortexa9_0/include -MMD -MP -MF"src/memory_config_g.d" -MT"src/memory_config_g.d" -o "src/memory_config_g.o" "../src/memory_config_g.c"
'Finished building: ../src/memory_config_g.c'
' '
'Building file: ../src/memorytest.c'
'Invoking: ARM gcc compiler'
arm-xilinx-eabi-gcc -Wall -O0 -g3 -c -fmessage-length=0 -I../../mem_test_bsp/ps7_cortexa9_0/include -MMD -MP -MF"src/memorytest.d" -MT"src/memorytest.d" -o "src/memorytest.o" "../src/memorytest.c"
'Finished building: ../src/memorytest.c'
' '
'Building file: ../src/platform.c'
'Invoking: ARM gcc compiler'
arm-xilinx-eabi-gcc -Wall -O0 -g3 -c -fmessage-length=0 -I../../mem_test_bsp/ps7_cortexa9_0/include -MMD -MP -MF"src/platform.d" -MT"src/platform.d" -o "src/platform.o" "../src/platform.c"
'Finished building: ../src/platform.c'
' '
'Building target: mem_test.elf'
'Invoking: ARM gcc linker'
arm-xilinx-eabi-gcc -Wl,-T -Wl,../src/lscript.ld -L../../mem_test_bsp/ps7_cortexa9_0/lib -o "mem_test.elf"  ./src/memory_config_g.o ./src/memorytest.o ./src/platform.o   -Wl,--start-group,-lxil,-lgcc,-lc,--end-group
'Finished building target: mem_test.elf'
' '
'Invoking: ARM Print Size'
arm-xilinx-eabi-size mem_test.elf  |tee "mem_test.elf.size"
   text	   data	    bss	    dec	    hex	filename
  26136	   1136	  14436	  41708	   a2ec	mem_test.elf
'Finished building: mem_test.elf.size'
' '
07:38:43 **** Build of project standalone_bsp_0 ****
make -k all 
libgen -hw ../hw_platform_0/system.xml\
	       \
	       -pe ps7_cortexa9_0 \
	       -log libgen.log \
	       system.mss
libgen
Xilinx EDK 2013.4 Build EDK_2013.4.20131205
Copyright (c) 1995-2012 Xilinx, Inc.  All rights reserved.

Command Line: libgen -hw ../hw_platform_0/system.xml -pe ps7_cortexa9_0 -log
libgen.log system.mss 


Staging source files.
Running DRCs.
Running generate.
Running post_generate.
Running include - 'make -s include "COMPILER=arm-xilinx-eabi-gcc"
"ARCHIVER=arm-xilinx-eabi-ar" "COMPILER_FLAGS= -O2 -c"
"EXTRA_COMPILER_FLAGS=-g"'.

Running libs - 'make -s libs "COMPILER=arm-xilinx-eabi-gcc"
"ARCHIVER=arm-xilinx-eabi-ar" "COMPILER_FLAGS= -O2 -c"
"EXTRA_COMPILER_FLAGS=-g"'.
"Compiling common"
arm-xilinx-eabi-ar: creating ../../../lib/libxil.a
"Compiling standalone"
"Compiling gpio"
"Compiling devcfg"
"Compiling dmaps"
"Compiling scugic"
"Compiling scutimer"
"Compiling scuwdt"
"Compiling uartps"
"Compiling xadcps"
"Compiling cpu_cortexa9"
Running execs_generate.
'Finished building libraries'

**** Build of configuration Debug for project TestApp ****

Nothing to build for project TestApp
07:44:45 **** Auto Build of configuration Debug for project TestApp ****
make all 
'Building file: ../src/lab2.c'
'Invoking: ARM gcc compiler'
arm-xilinx-eabi-gcc -Wall -O0 -g3 -c -fmessage-length=0 -I../../standalone_bsp_0/ps7_cortexa9_0/include -MMD -MP -MF"src/lab2.d" -MT"src/lab2.d" -o "src/lab2.o" "../src/lab2.c"
../src/lab2.c: In function 'main':
../src/lab2.c:16:28: error: 'XPAR_SW_8BIT_DEVICE_ID' undeclared (first use in this function)
../src/lab2.c:16:28: note: each undeclared identifier is reported only once for each function it appears in
../src/lab2.c:19:26: error: 'XPAR_BTNS_5BIT_DEVICE_ID' undeclared (first use in this function)
make: *** [src/lab2.o] Error 1
07:45:34 **** Auto Build of configuration Debug for project TestApp ****
make all 
'Building file: ../src/lab2.c'
'Invoking: ARM gcc compiler'
arm-xilinx-eabi-gcc -Wall -O0 -g3 -c -fmessage-length=0 -I../../standalone_bsp_0/ps7_cortexa9_0/include -MMD -MP -MF"src/lab2.d" -MT"src/lab2.d" -o "src/lab2.o" "../src/lab2.c"
'Finished building: ../src/lab2.c'
' '
'Building target: TestApp.elf'
'Invoking: ARM gcc linker'
arm-xilinx-eabi-gcc -Wl,-T -Wl,../src/lscript.ld -L../../standalone_bsp_0/ps7_cortexa9_0/lib -o "TestApp.elf"  ./src/lab2.o   -Wl,--start-group,-lxil,-lgcc,-lc,--end-group
'Finished building target: TestApp.elf'
' '
'Invoking: ARM Print Size'
arm-xilinx-eabi-size TestApp.elf  |tee "TestApp.elf.size"
   text	   data	    bss	    dec	    hex	filename
  23820	   1136	  22628	  47584	   b9e0	TestApp.elf
'Finished building: TestApp.elf.size'
' '
07:54:44 **** Incremental Build of configuration Debug for project TestApp ****
make all 
make: Nothing to be done for `all'.
01:49:27 **** Auto Build of project standalone_bsp_0 ****
make -k all 
'Finished building libraries'
01:49:31 **** Auto Build of project standalone_bsp_0 ****
make -k all 
'Finished building libraries'
01:49:32 **** Auto Build of configuration Debug for project TestApp ****
make all 
make: Nothing to be done for `all'.
01:49:45 **** Auto Build of project standalone_bsp_0 ****
make -k all 
libgen -hw ../hw_platform_0/system.xml\
	       \
	       -pe ps7_cortexa9_0 \
	       -log libgen.log \
	       system.mss
libgen
Xilinx EDK 2013.4 Build EDK_2013.4.20131205
Copyright (c) 1995-2012 Xilinx, Inc.  All rights reserved.

Command Line: libgen -hw ../hw_platform_0/system.xml -pe ps7_cortexa9_0 -log
libgen.log system.mss 


Staging source files.
Running DRCs.
Running generate.
Running post_generate.
Running include - 'make -s include "COMPILER=arm-xilinx-eabi-gcc"
"ARCHIVER=arm-xilinx-eabi-ar" "COMPILER_FLAGS= -O2 -c"
"EXTRA_COMPILER_FLAGS=-g"'.

Running libs - 'make -s libs "COMPILER=arm-xilinx-eabi-gcc"
"ARCHIVER=arm-xilinx-eabi-ar" "COMPILER_FLAGS= -O2 -c"
"EXTRA_COMPILER_FLAGS=-g"'.
"Compiling common"
arm-xilinx-eabi-ar: creating ../../../lib/libxil.a
"Compiling standalone"
"Compiling bram"
"Compiling gpio"
"Compiling devcfg"
"Compiling dmaps"
"Compiling scugic"
"Compiling scutimer"
"Compiling scuwdt"
"Compiling uartps"
"Compiling xadcps"
"Compiling cpu_cortexa9"
Running execs_generate.
'Finished building libraries'

**** Build of configuration Debug for project lab4 ****

Nothing to build for project lab4
01:57:09 **** Auto Build of configuration Debug for project lab4 ****
make all 
'Building file: ../src/lab4.c'
'Invoking: ARM gcc compiler'
arm-xilinx-eabi-gcc -Wall -O0 -g3 -c -fmessage-length=0 -I../../standalone_bsp_0/ps7_cortexa9_0/include -MMD -MP -MF"src/lab4.d" -MT"src/lab4.d" -o "src/lab4.o" "../src/lab4.c"
../src/lab4.c: In function 'main':
../src/lab4.c:15:27: error: 'XPAR_DIP_DEVICE_ID' undeclared (first use in this function)
../src/lab4.c:15:27: note: each undeclared identifier is reported only once for each function it appears in
../src/lab4.c:18:28: error: 'XPAR_PUSH_DEVICE_ID' undeclared (first use in this function)
make: *** [src/lab4.o] ´íÎó 1
02:23:51 **** Clean-only build of project standalone_bsp_0 ****
make -k clean 
rm -rf ps7_cortexa9_0
02:23:53 **** Build of project standalone_bsp_0 ****
make -k all 
libgen -hw ../hw_platform_0/system.xml\
	       -lp C:/Users/ecnu/labs/lab3success/led_ip/led_ip_1.0 -lp ..\..\..\..\..\lab3success\led_ip\led_ip_1.0\
	       -pe ps7_cortexa9_0 \
	       -log libgen.log \
	       system.mss
libgen
Xilinx EDK 2013.4 Build EDK_2013.4.20131205
Copyright (c) 1995-2012 Xilinx, Inc.  All rights reserved.

Command Line: libgen -hw ../hw_platform_0/system.xml -lp
C:/Users/ecnu/labs/lab3success/led_ip/led_ip_1.0 -lp
..\..\..\..\..\lab3success\led_ip\led_ip_1.0 -pe ps7_cortexa9_0 -log libgen.log
system.mss 


Staging source files.
Running DRCs.
Running generate.
Running post_generate.
Running include - 'make -s include "COMPILER=arm-xilinx-eabi-gcc"
"ARCHIVER=arm-xilinx-eabi-ar" "COMPILER_FLAGS= -O2 -c"
"EXTRA_COMPILER_FLAGS=-g"'.

Running libs - 'make -s libs "COMPILER=arm-xilinx-eabi-gcc"
"ARCHIVER=arm-xilinx-eabi-ar" "COMPILER_FLAGS= -O2 -c"
"EXTRA_COMPILER_FLAGS=-g"'.
"Compiling common"
arm-xilinx-eabi-ar: creating ../../../lib/libxil.a
"Compiling standalone"
"Compiling bram"
"Compiling gpio"
"Compiling devcfg"
"Compiling dmaps"
"Compiling scugic"
"Compiling scutimer"
"Compiling scuwdt"
"Compiling uartps"
"Compiling xadcps"
"Compiling cpu_cortexa9"
Running execs_generate.
'Finished building libraries'
02:24:48 **** Clean-only build of project standalone_bsp_0 ****
make -k clean 
rm -rf ps7_cortexa9_0
rm: ÎÞ·¨É¾³ý¡®ps7_cortexa9_0/libsrc/standalone_v3_12_a/src/xil_assert.c¡¯: Permission denied
rm: ÎÞ·¨É¾³ý¡®ps7_cortexa9_0/libsrc/standalone_v3_12_a/src/xil_mmu.c¡¯: Permission denied
make: *** [clean] ´íÎó 1
02:24:51 **** Build of project standalone_bsp_0 ****
make -k all 
libgen -hw ../hw_platform_0/system.xml\
	       -lp C:/Users/ecnu/labs/lab3success/led_ip/led_ip_1.0 -lp ..\..\..\..\..\lab3success\led_ip\led_ip_1.0\
	       -pe ps7_cortexa9_0 \
	       -log libgen.log \
	       system.mss
libgen
Xilinx EDK 2013.4 Build EDK_2013.4.20131205
Copyright (c) 1995-2012 Xilinx, Inc.  All rights reserved.

Command Line: libgen -hw ../hw_platform_0/system.xml -lp
C:/Users/ecnu/labs/lab3success/led_ip/led_ip_1.0 -lp
..\..\..\..\..\lab3success\led_ip\led_ip_1.0 -pe ps7_cortexa9_0 -log libgen.log
system.mss 


Staging source files.
Running DRCs.
Running generate.
Running post_generate.
Running include - 'make -s include "COMPILER=arm-xilinx-eabi-gcc"
"ARCHIVER=arm-xilinx-eabi-ar" "COMPILER_FLAGS= -O2 -c"
"EXTRA_COMPILER_FLAGS=-g"'.

Running libs - 'make -s libs "COMPILER=arm-xilinx-eabi-gcc"
"ARCHIVER=arm-xilinx-eabi-ar" "COMPILER_FLAGS= -O2 -c"
"EXTRA_COMPILER_FLAGS=-g"'.
"Compiling common"
arm-xilinx-eabi-ar: creating ../../../lib/libxil.a
"Compiling standalone"
"Compiling bram"
"Compiling gpio"
"Compiling led_ip..."
"Compiling devcfg"
"Compiling dmaps"
"Compiling scugic"
"Compiling scutimer"
"Compiling scuwdt"
"Compiling uartps"
"Compiling xadcps"
"Compiling cpu_cortexa9"
Running execs_generate.
'Finished building libraries'
02:25:44 **** Auto Build of configuration Debug for project lab4 ****
make all 
'Building file: ../src/lab4.c'
'Invoking: ARM gcc compiler'
arm-xilinx-eabi-gcc -Wall -O0 -g3 -c -fmessage-length=0 -I../../standalone_bsp_0/ps7_cortexa9_0/include -MMD -MP -MF"src/lab4.d" -MT"src/lab4.d" -o "src/lab4.o" "../src/lab4.c"
../src/lab4.c: In function 'main':
../src/lab4.c:15:27: error: 'XPAR_DIP_DEVICE_ID' undeclared (first use in this function)
../src/lab4.c:15:27: note: each undeclared identifier is reported only once for each function it appears in
../src/lab4.c:18:28: error: 'XPAR_PUSH_DEVICE_ID' undeclared (first use in this function)
make: *** [src/lab4.o] ´íÎó 1
02:27:56 **** Auto Build of configuration Debug for project lab4 ****
make all 
'Building file: ../src/lab4.c'
'Invoking: ARM gcc compiler'
arm-xilinx-eabi-gcc -Wall -O0 -g3 -c -fmessage-length=0 -I../../standalone_bsp_0/ps7_cortexa9_0/include -MMD -MP -MF"src/lab4.d" -MT"src/lab4.d" -o "src/lab4.o" "../src/lab4.c"
'Finished building: ../src/lab4.c'
' '
'Building target: lab4.elf'
'Invoking: ARM gcc linker'
arm-xilinx-eabi-gcc -Wl,-T -Wl,../src/lscript.ld -L../../standalone_bsp_0/ps7_cortexa9_0/lib -o "lab4.elf"  ./src/lab4.o   -Wl,--start-group,-lxil,-lgcc,-lc,--end-group
'Finished building target: lab4.elf'
' '
'Invoking: ARM Print Size'
arm-xilinx-eabi-size lab4.elf  |tee "lab4.elf.size"
   text	   data	    bss	    dec	    hex	filename
  23840	   1136	  22628	  47604	   b9f4	lab4.elf
'Finished building: lab4.elf.size'
' '
02:41:01 **** Incremental Build of configuration Debug for project lab4 ****
make all 
make: Nothing to be done for `all'.
02:51:32 **** Clean-only build of configuration Debug for project lab4 ****
make clean 
rm -rf  ./src/lab4.o  ./src/lab4.d  lab4.elf.size  lab4.elf
process_begin: CreateProcess(C:\Users\ecnu\AppData\Local\Temp\make9080-1.bat, C:\Users\ecnu\AppData\Local\Temp\make9080-1.bat, ...) failed.
make (e=5): ¾Ü¾ø·ÃÎÊ¡£

make: [clean] ´íÎó 5 (ºöÂÔ)
03:11:06 **** Auto Build of configuration Debug for project lab4 ****
make all 
'Building file: ../src/lab4.c'
'Invoking: ARM gcc compiler'
arm-xilinx-eabi-gcc -Wall -O0 -g3 -c -fmessage-length=0 -I../../standalone_bsp_0/ps7_cortexa9_0/include -MMD -MP -MF"src/lab4.d" -MT"src/lab4.d" -o "src/lab4.o" "../src/lab4.c"
'Finished building: ../src/lab4.c'
' '
'Building target: lab4.elf'
'Invoking: ARM gcc linker'
arm-xilinx-eabi-gcc -Wl,-T -Wl,../src/lscript.ld -L../../standalone_bsp_0/ps7_cortexa9_0/lib -o "lab4.elf"  ./src/lab4.o   -Wl,--start-group,-lxil,-lgcc,-lc,--end-group
'Finished building target: lab4.elf'
' '
'Invoking: ARM Print Size'
arm-xilinx-eabi-size lab4.elf  |tee "lab4.elf.size"
   text	   data	    bss	    dec	    hex	filename
  23840	   1136	   8292	  33268	   81f4	lab4.elf
'Finished building: lab4.elf.size'
' '
03:14:02 **** Auto Build of configuration Debug for project lab4 ****
make all 
'Building file: ../src/lab4.c'
'Invoking: ARM gcc compiler'
arm-xilinx-eabi-gcc -Wall -O0 -g3 -c -fmessage-length=0 -I../../standalone_bsp_0/ps7_cortexa9_0/include -MMD -MP -MF"src/lab4.d" -MT"src/lab4.d" -o "src/lab4.o" "../src/lab4.c"
../src/lab4.c: In function 'main':
../src/lab4.c:13:4: warning: implicit declaration of function 'printf' [-Wimplicit-function-declaration]
../src/lab4.c:13:4: warning: incompatible implicit declaration of built-in function 'printf' [enabled by default]
'Finished building: ../src/lab4.c'
' '
'Building target: lab4.elf'
'Invoking: ARM gcc linker'
arm-xilinx-eabi-gcc -Wl,-T -Wl,../src/lscript.ld -L../../standalone_bsp_0/ps7_cortexa9_0/lib -o "lab4.elf"  ./src/lab4.o   -Wl,--start-group,-lxil,-lgcc,-lc,--end-group
c:/xilinx/sdk/2013.4/gnu/arm/nt/bin/../lib/gcc/arm-xilinx-eabi/4.7.3/../../../../arm-xilinx-eabi/bin/ld.exe: lab4.elf section `.text' will not fit in region `axi_bram_ctrl_0_S_AXI_BASEADDR'
c:/xilinx/sdk/2013.4/gnu/arm/nt/bin/../lib/gcc/arm-xilinx-eabi/4.7.3/../../../../arm-xilinx-eabi/bin/ld.exe: region `axi_bram_ctrl_0_S_AXI_BASEADDR' overflowed by 11308 bytes
collect2.exe: error: ld returned 1 exit status
make: *** [lab4.elf] ´íÎó 1
03:14:32 **** Clean-only build of configuration Debug for project lab4 ****
make clean 
rm -rf  ./src/lab4.o  ./src/lab4.d  lab4.elf.size  lab4.elf
' '
03:14:32 **** Auto Build of configuration Debug for project lab4 ****
make all 
'Building file: ../src/lab4.c'
'Invoking: ARM gcc compiler'
arm-xilinx-eabi-gcc -Wall -O0 -g3 -c -fmessage-length=0 -I../../standalone_bsp_0/ps7_cortexa9_0/include -MMD -MP -MF"src/lab4.d" -MT"src/lab4.d" -o "src/lab4.o" "../src/lab4.c"
../src/lab4.c: In function 'main':
../src/lab4.c:13:4: warning: implicit declaration of function 'printf' [-Wimplicit-function-declaration]
../src/lab4.c:13:4: warning: incompatible implicit declaration of built-in function 'printf' [enabled by default]
'Finished building: ../src/lab4.c'
' '
'Building target: lab4.elf'
'Invoking: ARM gcc linker'
arm-xilinx-eabi-gcc -Wl,-T -Wl,../src/lscript.ld -L../../standalone_bsp_0/ps7_cortexa9_0/lib -o "lab4.elf"  ./src/lab4.o   -Wl,--start-group,-lxil,-lgcc,-lc,--end-group
'Finished building target: lab4.elf'
' '
'Invoking: ARM Print Size'
arm-xilinx-eabi-size lab4.elf  |tee "lab4.elf.size"
   text	   data	    bss	    dec	    hex	filename
  36284	   2176	   8344	  46804	   b6d4	lab4.elf
'Finished building: lab4.elf.size'
' '
03:14:48 **** Incremental Build of configuration Debug for project lab4 ****
make all 
make: Nothing to be done for `all'.

**** Build of configuration Debug for project lab5 ****

Nothing to build for project lab5
11:07:09 **** Auto Build of configuration Debug for project lab5 ****
make all 
'Building file: ../src/lab5.c'
'Invoking: ARM gcc compiler'
arm-xilinx-eabi-gcc -Wall -O0 -g3 -c -fmessage-length=0 -I../../standalone_bsp_0/ps7_cortexa9_0/include -MMD -MP -MF"src/lab5.d" -MT"src/lab5.d" -o "src/lab5.o" "../src/lab5.c"
../src/lab5.c:8:1: error: unknown type name 'XScuTimer'
../src/lab5.c: In function 'main':
../src/lab5.c:19:4: error: unknown type name 'XScuTimer_Config'
../src/lab5.c:20:4: error: unknown type name 'XScuTimer'
../src/lab5.c:24:27: error: 'XPAR_SW_8BIT_DEVICE_ID' undeclared (first use in this function)
../src/lab5.c:24:27: note: each undeclared identifier is reported only once for each function it appears in
../src/lab5.c:27:28: error: 'XPAR_BTNS_5BIT_DEVICE_ID' undeclared (first use in this function)
../src/lab5.c:48:5: warning: implicit declaration of function 'XScuTimer_Stop' [-Wimplicit-function-declaration]
../src/lab5.c:59:4: warning: implicit declaration of function 'XScuTimer_IsExpired' [-Wimplicit-function-declaration]
../src/lab5.c:19:22: warning: unused variable 'ConfigPtr' [-Wunused-variable]
../src/lab5.c:16:53: warning: unused variable 'Status' [-Wunused-variable]
../src/lab5.c:16:46: warning: variable 'count' set but not used [-Wunused-but-set-variable]
make: *** [src/lab5.o] ´íÎó 1
11:09:25 **** Auto Build of configuration Debug for project lab5 ****
make all 
'Building file: ../src/lab5.c'
'Invoking: ARM gcc compiler'
arm-xilinx-eabi-gcc -Wall -O0 -g3 -c -fmessage-length=0 -I../../standalone_bsp_0/ps7_cortexa9_0/include -MMD -MP -MF"src/lab5.d" -MT"src/lab5.d" -o "src/lab5.o" "../src/lab5.c"
../src/lab5.c: In function 'main':
../src/lab5.c:25:27: error: 'XPAR_SW_8BIT_DEVICE_ID' undeclared (first use in this function)
../src/lab5.c:25:27: note: each undeclared identifier is reported only once for each function it appears in
../src/lab5.c:28:28: error: 'XPAR_BTNS_5BIT_DEVICE_ID' undeclared (first use in this function)
../src/lab5.c:20:22: warning: unused variable 'ConfigPtr' [-Wunused-variable]
../src/lab5.c:17:53: warning: unused variable 'Status' [-Wunused-variable]
../src/lab5.c:17:46: warning: variable 'count' set but not used [-Wunused-but-set-variable]
make: *** [src/lab5.o] ´íÎó 1
11:20:50 **** Auto Build of configuration Debug for project lab5 ****
make all 
'Building file: ../src/lab5.c'
'Invoking: ARM gcc compiler'
arm-xilinx-eabi-gcc -Wall -O0 -g3 -c -fmessage-length=0 -I../../standalone_bsp_0/ps7_cortexa9_0/include -MMD -MP -MF"src/lab5.d" -MT"src/lab5.d" -o "src/lab5.o" "../src/lab5.c"
../src/lab5.c: In function 'main':
../src/lab5.c:25:27: error: 'XPAR_SW_8BIT_DEVICE_ID' undeclared (first use in this function)
../src/lab5.c:25:27: note: each undeclared identifier is reported only once for each function it appears in
../src/lab5.c:28:28: error: 'XPAR_BTNS_5BIT_DEVICE_ID' undeclared (first use in this function)
../src/lab5.c:17:46: warning: variable 'count' set but not used [-Wunused-but-set-variable]
../src/lab5.c:17:30: warning: unused variable 'dip_check_prev' [-Wunused-variable]
../src/lab5.c:17:19: warning: unused variable 'dip_check' [-Wunused-variable]
../src/lab5.c:17:8: warning: unused variable 'psb_check' [-Wunused-variable]
../src/lab5.c: At top level:
../src/lab5.c:42:4: warning: data definition has no type or storage class [enabled by default]
../src/lab5.c:42:4: warning: type defaults to 'int' in declaration of 'dip_check_prev' [-Wimplicit-int]
../src/lab5.c:42:41: error: 'dip' undeclared here (not in a function)
../src/lab5.c:44:4: error: expected declaration specifiers or '...' before '(' token
../src/lab5.c:44:4: error: expected declaration specifiers or '...' before '(' token
../src/lab5.c:46:4: error: expected declaration specifiers or '...' before '(' token
../src/lab5.c:46:4: error: expected declaration specifiers or '...' before '(' token
../src/lab5.c:48:4: warning: data definition has no type or storage class [enabled by default]
../src/lab5.c:48:4: warning: type defaults to 'int' in declaration of 'XScuTimer_Start' [-Wimplicit-int]
../src/lab5.c:48:4: warning: parameter names (without types) in function declaration [enabled by default]
../src/lab5.c:48:4: error: conflicting types for 'XScuTimer_Start'
In file included from ../src/lab5.c:5:0:
../../standalone_bsp_0/ps7_cortexa9_0/include/xscuTimer.h:356:6: note: previous declaration of 'XScuTimer_Start' was here
../src/lab5.c:49:4: error: expected identifier or '(' before 'while'
../src/lab5.c:74:4: error: expected identifier or '(' before 'return'
../src/lab5.c:75:1: error: expected identifier or '(' before '}' token
../src/lab5.c: In function 'main':
../src/lab5.c:40:4: warning: control reaches end of non-void function [-Wreturn-type]
make: *** [src/lab5.o] ´íÎó 1
11:21:06 **** Auto Build of configuration Debug for project lab5 ****
make all 
'Building file: ../src/lab5.c'
'Invoking: ARM gcc compiler'
arm-xilinx-eabi-gcc -Wall -O0 -g3 -c -fmessage-length=0 -I../../standalone_bsp_0/ps7_cortexa9_0/include -MMD -MP -MF"src/lab5.d" -MT"src/lab5.d" -o "src/lab5.o" "../src/lab5.c"
../src/lab5.c: In function 'main':
../src/lab5.c:25:27: error: 'XPAR_SW_8BIT_DEVICE_ID' undeclared (first use in this function)
../src/lab5.c:25:27: note: each undeclared identifier is reported only once for each function it appears in
../src/lab5.c:28:28: error: 'XPAR_BTNS_5BIT_DEVICE_ID' undeclared (first use in this function)
../src/lab5.c:17:46: warning: variable 'count' set but not used [-Wunused-but-set-variable]
../src/lab5.c:17:30: warning: unused variable 'dip_check_prev' [-Wunused-variable]
../src/lab5.c:17:19: warning: unused variable 'dip_check' [-Wunused-variable]
../src/lab5.c:17:8: warning: unused variable 'psb_check' [-Wunused-variable]
../src/lab5.c: At top level:
../src/lab5.c:42:4: warning: data definition has no type or storage class [enabled by default]
../src/lab5.c:42:4: warning: type defaults to 'int' in declaration of 'dip_check_prev' [-Wimplicit-int]
../src/lab5.c:42:41: error: 'dip' undeclared here (not in a function)
../src/lab5.c:44:4: error: expected declaration specifiers or '...' before '(' token
../src/lab5.c:44:4: error: expected declaration specifiers or '...' before '(' token
../src/lab5.c:46:4: error: expected declaration specifiers or '...' before '(' token
../src/lab5.c:46:4: error: expected declaration specifiers or '...' before '(' token
../src/lab5.c:48:4: warning: data definition has no type or storage class [enabled by default]
../src/lab5.c:48:4: warning: type defaults to 'int' in declaration of 'XScuTimer_Start' [-Wimplicit-int]
../src/lab5.c:48:4: warning: parameter names (without types) in function declaration [enabled by default]
../src/lab5.c:48:4: error: conflicting types for 'XScuTimer_Start'
In file included from ../src/lab5.c:5:0:
../../standalone_bsp_0/ps7_cortexa9_0/include/xscutimer.h:356:6: note: previous declaration of 'XScuTimer_Start' was here
../src/lab5.c:49:4: error: expected identifier or '(' before 'while'
../src/lab5.c:74:4: error: expected identifier or '(' before 'return'
../src/lab5.c:75:1: error: expected identifier or '(' before '}' token
../src/lab5.c: In function 'main':
../src/lab5.c:40:4: warning: control reaches end of non-void function [-Wreturn-type]
make: *** [src/lab5.o] ´íÎó 1
11:21:25 **** Auto Build of configuration Debug for project lab5 ****
make all 
'Building file: ../src/lab5.c'
'Invoking: ARM gcc compiler'
arm-xilinx-eabi-gcc -Wall -O0 -g3 -c -fmessage-length=0 -I../../standalone_bsp_0/ps7_cortexa9_0/include -MMD -MP -MF"src/lab5.d" -MT"src/lab5.d" -o "src/lab5.o" "../src/lab5.c"
../src/lab5.c: In function 'main':
../src/lab5.c:25:27: error: 'XPAR_SW_8BIT_DEVICE_ID' undeclared (first use in this function)
../src/lab5.c:25:27: note: each undeclared identifier is reported only once for each function it appears in
../src/lab5.c:28:28: error: 'XPAR_BTNS_5BIT_DEVICE_ID' undeclared (first use in this function)
../src/lab5.c:17:46: warning: variable 'count' set but not used [-Wunused-but-set-variable]
../src/lab5.c:17:30: warning: unused variable 'dip_check_prev' [-Wunused-variable]
../src/lab5.c:17:19: warning: unused variable 'dip_check' [-Wunused-variable]
../src/lab5.c:17:8: warning: unused variable 'psb_check' [-Wunused-variable]
../src/lab5.c: At top level:
../src/lab5.c:42:4: warning: data definition has no type or storage class [enabled by default]
../src/lab5.c:42:4: warning: type defaults to 'int' in declaration of 'dip_check_prev' [-Wimplicit-int]
../src/lab5.c:42:41: error: 'dip' undeclared here (not in a function)
../src/lab5.c:44:4: error: expected declaration specifiers or '...' before '(' token
../src/lab5.c:44:4: error: expected declaration specifiers or '...' before '(' token
../src/lab5.c:46:4: error: expected declaration specifiers or '...' before '(' token
../src/lab5.c:46:4: error: expected declaration specifiers or '...' before '(' token
../src/lab5.c:48:4: warning: data definition has no type or storage class [enabled by default]
../src/lab5.c:48:4: warning: type defaults to 'int' in declaration of 'XScuTimer_Start' [-Wimplicit-int]
../src/lab5.c:48:4: warning: parameter names (without types) in function declaration [enabled by default]
../src/lab5.c:48:4: error: conflicting types for 'XScuTimer_Start'
In file included from ../src/lab5.c:5:0:
../../standalone_bsp_0/ps7_cortexa9_0/include/XScuTimer.h:356:6: note: previous declaration of 'XScuTimer_Start' was here
../src/lab5.c:49:4: error: expected identifier or '(' before 'while'
../src/lab5.c:74:4: error: expected identifier or '(' before 'return'
../src/lab5.c:75:1: error: expected identifier or '(' before '}' token
../src/lab5.c: In function 'main':
../src/lab5.c:40:4: warning: control reaches end of non-void function [-Wreturn-type]
make: *** [src/lab5.o] ´íÎó 1
11:22:09 **** Auto Build of configuration Debug for project lab5 ****
make all 
'Building file: ../src/lab5.c'
'Invoking: ARM gcc compiler'
arm-xilinx-eabi-gcc -Wall -O0 -g3 -c -fmessage-length=0 -I../../standalone_bsp_0/ps7_cortexa9_0/include -MMD -MP -MF"src/lab5.d" -MT"src/lab5.d" -o "src/lab5.o" "../src/lab5.c"
../src/lab5.c: In function 'main':
../src/lab5.c:25:27: error: 'XPAR_SW_8BIT_DEVICE_ID' undeclared (first use in this function)
../src/lab5.c:25:27: note: each undeclared identifier is reported only once for each function it appears in
../src/lab5.c:28:28: error: 'XPAR_BTNS_5BIT_DEVICE_ID' undeclared (first use in this function)
../src/lab5.c:43:4: error: 'dip_chech_prev' undeclared (first use in this function)
../src/lab5.c:62:11: error: unknown type name 'XScuTimer_Load'
../src/lab5.c:62:50: error: expected ')' before numeric constant
../src/lab5.c:67:15: warning: implicit declaration of function 'XScuTimer_ClearInterruptStaus' [-Wimplicit-function-declaration]
make: *** [src/lab5.o] ´íÎó 1
11:22:32 **** Auto Build of configuration Debug for project lab5 ****
make all 
'Building file: ../src/lab5.c'
'Invoking: ARM gcc compiler'
arm-xilinx-eabi-gcc -Wall -O0 -g3 -c -fmessage-length=0 -I../../standalone_bsp_0/ps7_cortexa9_0/include -MMD -MP -MF"src/lab5.d" -MT"src/lab5.d" -o "src/lab5.o" "../src/lab5.c"
../src/lab5.c: In function 'main':
../src/lab5.c:25:27: error: 'XPAR_SW_8BIT_DEVICE_ID' undeclared (first use in this function)
../src/lab5.c:25:27: note: each undeclared identifier is reported only once for each function it appears in
../src/lab5.c:28:28: error: 'XPAR_BTNS_5BIT_DEVICE_ID' undeclared (first use in this function)
../src/lab5.c:43:4: error: 'dip_chech_prev' undeclared (first use in this function)
../src/lab5.c:67:15: warning: implicit declaration of function 'XScuTimer_ClearInterruptStaus' [-Wimplicit-function-declaration]
make: *** [src/lab5.o] ´íÎó 1
11:22:52 **** Auto Build of configuration Debug for project lab5 ****
make all 
'Building file: ../src/lab5.c'
'Invoking: ARM gcc compiler'
arm-xilinx-eabi-gcc -Wall -O0 -g3 -c -fmessage-length=0 -I../../standalone_bsp_0/ps7_cortexa9_0/include -MMD -MP -MF"src/lab5.d" -MT"src/lab5.d" -o "src/lab5.o" "../src/lab5.c"
../src/lab5.c: In function 'main':
../src/lab5.c:25:27: error: 'XPAR_SW_8BIT_DEVICE_ID' undeclared (first use in this function)
../src/lab5.c:25:27: note: each undeclared identifier is reported only once for each function it appears in
../src/lab5.c:28:28: error: 'XPAR_BTNS_5BIT_DEVICE_ID' undeclared (first use in this function)
../src/lab5.c:43:4: error: 'dip_chech_prev' undeclared (first use in this function)
make: *** [src/lab5.o] ´íÎó 1
11:23:23 **** Auto Build of configuration Debug for project lab5 ****
make all 
'Building file: ../src/lab5.c'
'Invoking: ARM gcc compiler'
arm-xilinx-eabi-gcc -Wall -O0 -g3 -c -fmessage-length=0 -I../../standalone_bsp_0/ps7_cortexa9_0/include -MMD -MP -MF"src/lab5.d" -MT"src/lab5.d" -o "src/lab5.o" "../src/lab5.c"
../src/lab5.c: In function 'main':
../src/lab5.c:25:27: error: 'XPAR_SW_8BIT_DEVICE_ID' undeclared (first use in this function)
../src/lab5.c:25:27: note: each undeclared identifier is reported only once for each function it appears in
../src/lab5.c:28:28: error: 'XPAR_BTNS_5BIT_DEVICE_ID' undeclared (first use in this function)
make: *** [src/lab5.o] ´íÎó 1
11:27:25 **** Auto Build of configuration Debug for project lab5 ****
make all 
'Building file: ../src/lab5.c'
'Invoking: ARM gcc compiler'
arm-xilinx-eabi-gcc -Wall -O0 -g3 -c -fmessage-length=0 -I../../standalone_bsp_0/ps7_cortexa9_0/include -MMD -MP -MF"src/lab5.d" -MT"src/lab5.d" -o "src/lab5.o" "../src/lab5.c"
'Finished building: ../src/lab5.c'
' '
'Building target: lab5.elf'
'Invoking: ARM gcc linker'
arm-xilinx-eabi-gcc -Wl,-T -Wl,../src/lscript.ld -L../../standalone_bsp_0/ps7_cortexa9_0/lib -o "lab5.elf"  ./src/lab5.o   -Wl,--start-group,-lxil,-lgcc,-lc,--end-group
'Finished building target: lab5.elf'
' '
'Invoking: ARM Print Size'
arm-xilinx-eabi-size lab5.elf  |tee "lab5.elf.size"
   text	   data	    bss	    dec	    hex	filename
  24980	   1144	  22644	  48768	   be80	lab5.elf
'Finished building: lab5.elf.size'
' '
11:29:50 **** Incremental Build of configuration Debug for project lab5 ****
make all 
make: Nothing to be done for `all'.
11:33:36 **** Incremental Build of configuration Debug for project lab5 ****
make all 
make: Nothing to be done for `all'.
11:41:37 **** Auto Build of project standalone_bsp_0 ****
make -k all 
'Finished building libraries'
11:41:38 **** Auto Build of configuration Debug for project lab5 ****
make all 
make: Nothing to be done for `all'.
11:50:32 **** Auto Build of configuration Debug for project lab5 ****
make all 
'Building file: ../src/lab5.c'
'Invoking: ARM gcc compiler'
arm-xilinx-eabi-gcc -Wall -O0 -g3 -c -fmessage-length=0 -I../../standalone_bsp_0/ps7_cortexa9_0/include -MMD -MP -MF"src/lab5.d" -MT"src/lab5.d" -o "src/lab5.o" "../src/lab5.c"
'Finished building: ../src/lab5.c'
' '
'Building target: lab5.elf'
'Invoking: ARM gcc linker'
arm-xilinx-eabi-gcc -Wl,-T -Wl,../src/lscript.ld -L../../standalone_bsp_0/ps7_cortexa9_0/lib -o "lab5.elf"  ./src/lab5.o   -Wl,--start-group,-lxil,-lgcc,-lc,--end-group
'Finished building target: lab5.elf'
' '
'Invoking: ARM Print Size'
arm-xilinx-eabi-size lab5.elf  |tee "lab5.elf.size"
   text	   data	    bss	    dec	    hex	filename
  25068	   1144	  22644	  48856	   bed8	lab5.elf
'Finished building: lab5.elf.size'
' '
